--------------------------------------------------------------------------------
Release 14.7 Trace  (nt64)
Copyright (c) 1995-2013 Xilinx, Inc.  All rights reserved.

C:\Xilinx\14.7\ISE_DS\ISE\bin\nt64\unwrapped\trce.exe -intstyle ise -o
mojo_top_0.twr -v 30 -l 30 mojo_top_0_routed.ncd mojo_top_0.pcf

Design file:              mojo_top_0_routed.ncd
Physical constraint file: mojo_top_0.pcf
Device,package,speed:     xc6slx9,tqg144,C,-2 (PRODUCTION 1.23 2013-10-13)
Report level:             verbose report, limited to 30 items per constraint

Environment Variable      Effect 
--------------------      ------ 
NONE                      No environment variables were set
--------------------------------------------------------------------------------

INFO:Timing:2698 - No timing constraints found, doing default enumeration.
INFO:Timing:3412 - To improve timing, see the Timing Closure User Guide (UG612).
INFO:Timing:2752 - To get complete path coverage, use the unconstrained paths 
   option. All paths that are not constrained will be reported in the 
   unconstrained paths section(s) of the report.
INFO:Timing:3339 - The clock-to-out numbers in this timing report are based on 
   a 50 Ohm transmission line loading model.  For the details of this model, 
   and for more information on accounting for different loading conditions, 
   please see the device datasheet.



Data Sheet report:
-----------------
All values displayed in nanoseconds (ns)

Pad to Pad
---------------+---------------+---------+
Source Pad     |Destination Pad|  Delay  |
---------------+---------------+---------+
io_dip[0]      |io_led[8]      |   16.133|
io_dip[0]      |io_led[9]      |   13.424|
io_dip[0]      |io_led[10]     |   13.648|
io_dip[0]      |io_led[11]     |   13.850|
io_dip[0]      |io_led[12]     |   14.701|
io_dip[0]      |io_led[13]     |   14.586|
io_dip[0]      |io_led[14]     |   15.098|
io_dip[0]      |io_led[15]     |   16.048|
io_dip[1]      |io_led[8]      |   16.188|
io_dip[1]      |io_led[9]      |   13.967|
io_dip[1]      |io_led[10]     |   13.703|
io_dip[1]      |io_led[11]     |   13.905|
io_dip[1]      |io_led[12]     |   14.756|
io_dip[1]      |io_led[13]     |   14.641|
io_dip[1]      |io_led[14]     |   15.153|
io_dip[1]      |io_led[15]     |   16.103|
io_dip[2]      |io_led[8]      |   15.262|
io_dip[2]      |io_led[9]      |   13.245|
io_dip[2]      |io_led[10]     |   13.392|
io_dip[2]      |io_led[11]     |   13.290|
io_dip[2]      |io_led[12]     |   14.111|
io_dip[2]      |io_led[13]     |   13.715|
io_dip[2]      |io_led[14]     |   14.227|
io_dip[2]      |io_led[15]     |   15.177|
io_dip[3]      |io_led[8]      |   15.502|
io_dip[3]      |io_led[9]      |   13.388|
io_dip[3]      |io_led[10]     |   12.973|
io_dip[3]      |io_led[11]     |   13.625|
io_dip[3]      |io_led[12]     |   13.517|
io_dip[3]      |io_led[13]     |   13.955|
io_dip[3]      |io_led[14]     |   14.467|
io_dip[3]      |io_led[15]     |   15.417|
io_dip[4]      |io_led[8]      |   14.431|
io_dip[4]      |io_led[9]      |   12.959|
io_dip[4]      |io_led[10]     |   13.106|
io_dip[4]      |io_led[11]     |   13.120|
io_dip[4]      |io_led[12]     |   13.632|
io_dip[4]      |io_led[13]     |   13.118|
io_dip[4]      |io_led[14]     |   13.608|
io_dip[4]      |io_led[15]     |   14.346|
io_dip[5]      |io_led[8]      |   14.489|
io_dip[5]      |io_led[9]      |   13.931|
io_dip[5]      |io_led[10]     |   13.578|
io_dip[5]      |io_led[11]     |   14.030|
io_dip[5]      |io_led[12]     |   13.822|
io_dip[5]      |io_led[13]     |   13.940|
io_dip[5]      |io_led[14]     |   13.433|
io_dip[5]      |io_led[15]     |   14.404|
io_dip[6]      |io_led[8]      |   13.982|
io_dip[6]      |io_led[9]      |   13.157|
io_dip[6]      |io_led[10]     |   13.304|
io_dip[6]      |io_led[11]     |   12.856|
io_dip[6]      |io_led[12]     |   13.368|
io_dip[6]      |io_led[13]     |   13.786|
io_dip[6]      |io_led[14]     |   13.657|
io_dip[6]      |io_led[15]     |   13.774|
io_dip[7]      |io_led[8]      |   14.406|
io_dip[7]      |io_led[9]      |   14.047|
io_dip[7]      |io_led[10]     |   14.468|
io_dip[7]      |io_led[11]     |   14.920|
io_dip[7]      |io_led[12]     |   15.028|
io_dip[7]      |io_led[13]     |   15.171|
io_dip[7]      |io_led[14]     |   14.923|
io_dip[7]      |io_led[15]     |   14.339|
io_dip[8]      |io_led[8]      |   16.261|
io_dip[8]      |io_led[9]      |   13.189|
io_dip[8]      |io_led[10]     |   13.776|
io_dip[8]      |io_led[11]     |   13.978|
io_dip[8]      |io_led[12]     |   14.829|
io_dip[8]      |io_led[13]     |   14.714|
io_dip[8]      |io_led[14]     |   15.226|
io_dip[8]      |io_led[15]     |   16.176|
io_dip[9]      |io_led[8]      |   15.991|
io_dip[9]      |io_led[9]      |   13.582|
io_dip[9]      |io_led[10]     |   13.729|
io_dip[9]      |io_led[11]     |   13.708|
io_dip[9]      |io_led[12]     |   14.559|
io_dip[9]      |io_led[13]     |   14.533|
io_dip[9]      |io_led[14]     |   14.956|
io_dip[9]      |io_led[15]     |   15.906|
io_dip[10]     |io_led[8]      |   14.785|
io_dip[10]     |io_led[9]      |   13.838|
io_dip[10]     |io_led[10]     |   14.259|
io_dip[10]     |io_led[11]     |   14.711|
io_dip[10]     |io_led[12]     |   14.819|
io_dip[10]     |io_led[13]     |   14.962|
io_dip[10]     |io_led[14]     |   14.714|
io_dip[10]     |io_led[15]     |   14.700|
io_dip[11]     |io_led[8]      |   14.734|
io_dip[11]     |io_led[11]     |   12.828|
io_dip[11]     |io_led[12]     |   12.927|
io_dip[11]     |io_led[13]     |   13.187|
io_dip[11]     |io_led[14]     |   13.699|
io_dip[11]     |io_led[15]     |   14.649|
io_dip[12]     |io_led[8]      |   13.663|
io_dip[12]     |io_led[12]     |   12.696|
io_dip[12]     |io_led[13]     |   12.659|
io_dip[12]     |io_led[14]     |   12.886|
io_dip[12]     |io_led[15]     |   13.578|
io_dip[13]     |io_led[8]      |   13.508|
io_dip[13]     |io_led[13]     |   12.271|
io_dip[13]     |io_led[14]     |   12.430|
io_dip[13]     |io_led[15]     |   13.423|
io_dip[14]     |io_led[8]      |   12.938|
io_dip[14]     |io_led[14]     |   12.401|
io_dip[14]     |io_led[15]     |   12.853|
io_dip[15]     |io_led[8]      |   12.585|
io_dip[15]     |io_led[15]     |   12.906|
io_dip[16]     |io_led[8]      |   17.640|
io_dip[16]     |io_led[9]      |   13.784|
io_dip[16]     |io_led[10]     |   15.155|
io_dip[16]     |io_led[11]     |   15.357|
io_dip[16]     |io_led[12]     |   16.208|
io_dip[16]     |io_led[13]     |   16.093|
io_dip[16]     |io_led[14]     |   16.605|
io_dip[16]     |io_led[15]     |   17.555|
io_dip[17]     |io_led[8]      |   15.058|
io_dip[17]     |io_led[9]      |   14.954|
io_dip[17]     |io_led[10]     |   15.375|
io_dip[17]     |io_led[11]     |   15.827|
io_dip[17]     |io_led[12]     |   15.935|
io_dip[17]     |io_led[13]     |   16.078|
io_dip[17]     |io_led[14]     |   15.830|
io_dip[17]     |io_led[15]     |   14.446|
io_dip[18]     |io_led[8]      |   14.605|
io_dip[18]     |io_led[9]      |   13.512|
io_dip[18]     |io_led[10]     |   14.060|
io_dip[18]     |io_led[11]     |   14.682|
io_dip[18]     |io_led[12]     |   14.746|
io_dip[18]     |io_led[13]     |   14.402|
io_dip[18]     |io_led[14]     |   15.220|
io_dip[18]     |io_led[15]     |   15.260|
io_dip[19]     |io_led[8]      |   13.966|
io_dip[19]     |io_led[9]      |   12.885|
io_dip[19]     |io_led[10]     |   13.906|
io_dip[19]     |io_led[11]     |   14.929|
io_dip[19]     |io_led[12]     |   14.592|
io_dip[19]     |io_led[13]     |   14.380|
io_dip[19]     |io_led[14]     |   14.947|
io_dip[19]     |io_led[15]     |   14.854|
io_dip[20]     |io_led[8]      |   15.160|
io_dip[20]     |io_led[9]      |   13.412|
io_dip[20]     |io_led[10]     |   13.292|
io_dip[20]     |io_led[11]     |   13.574|
io_dip[20]     |io_led[12]     |   14.162|
io_dip[20]     |io_led[13]     |   13.603|
io_dip[20]     |io_led[14]     |   14.320|
io_dip[20]     |io_led[15]     |   13.718|
io_dip[21]     |io_led[8]      |   14.941|
io_dip[21]     |io_led[9]      |   13.280|
io_dip[21]     |io_led[10]     |   13.107|
io_dip[21]     |io_led[11]     |   12.617|
io_dip[21]     |io_led[12]     |   13.322|
io_dip[21]     |io_led[13]     |   13.152|
io_dip[21]     |io_led[14]     |   14.467|
io_dip[21]     |io_led[15]     |   14.039|
---------------+---------------+---------+


Analysis completed Wed Oct 19 16:12:33 2016 
--------------------------------------------------------------------------------

Trace Settings:
-------------------------
Trace Settings 

Peak Memory Usage: 220 MB



