--------------------------------------------------------------------------------
Release 14.7 Trace  (nt64)
Copyright (c) 1995-2013 Xilinx, Inc.  All rights reserved.

C:\Xilinx\14.7\ISE_DS\ISE\bin\nt64\unwrapped\trce.exe -intstyle ise -o
mojo_top_0.twr -v 30 -l 30 mojo_top_0_routed.ncd mojo_top_0.pcf

Design file:              mojo_top_0_routed.ncd
Physical constraint file: mojo_top_0.pcf
Device,package,speed:     xc6slx9,tqg144,C,-2 (PRODUCTION 1.23 2013-10-13)
Report level:             verbose report, limited to 30 items per constraint

Environment Variable      Effect 
--------------------      ------ 
NONE                      No environment variables were set
--------------------------------------------------------------------------------

INFO:Timing:2698 - No timing constraints found, doing default enumeration.
INFO:Timing:3412 - To improve timing, see the Timing Closure User Guide (UG612).
INFO:Timing:2752 - To get complete path coverage, use the unconstrained paths 
   option. All paths that are not constrained will be reported in the 
   unconstrained paths section(s) of the report.
INFO:Timing:3339 - The clock-to-out numbers in this timing report are based on 
   a 50 Ohm transmission line loading model.  For the details of this model, 
   and for more information on accounting for different loading conditions, 
   please see the device datasheet.



Data Sheet report:
-----------------
All values displayed in nanoseconds (ns)

Pad to Pad
---------------+---------------+---------+
Source Pad     |Destination Pad|  Delay  |
---------------+---------------+---------+
io_dip[0]      |io_led[8]      |   11.809|
io_dip[0]      |io_led[9]      |   11.880|
io_dip[0]      |io_led[10]     |   13.114|
io_dip[0]      |io_led[11]     |   13.266|
io_dip[0]      |io_led[12]     |   13.882|
io_dip[0]      |io_led[13]     |   14.116|
io_dip[0]      |io_led[14]     |   14.584|
io_dip[0]      |io_led[15]     |   15.864|
io_dip[0]      |io_led[16]     |   16.498|
io_dip[1]      |io_led[9]      |   12.034|
io_dip[1]      |io_led[10]     |   13.268|
io_dip[1]      |io_led[11]     |   13.420|
io_dip[1]      |io_led[12]     |   14.036|
io_dip[1]      |io_led[13]     |   14.270|
io_dip[1]      |io_led[14]     |   14.738|
io_dip[1]      |io_led[15]     |   16.018|
io_dip[1]      |io_led[16]     |   16.652|
io_dip[2]      |io_led[10]     |   12.037|
io_dip[2]      |io_led[11]     |   12.013|
io_dip[2]      |io_led[12]     |   12.560|
io_dip[2]      |io_led[13]     |   12.794|
io_dip[2]      |io_led[14]     |   13.262|
io_dip[2]      |io_led[15]     |   14.542|
io_dip[2]      |io_led[16]     |   15.176|
io_dip[3]      |io_led[11]     |   11.782|
io_dip[3]      |io_led[12]     |   12.476|
io_dip[3]      |io_led[13]     |   12.710|
io_dip[3]      |io_led[14]     |   13.178|
io_dip[3]      |io_led[15]     |   14.458|
io_dip[3]      |io_led[16]     |   15.092|
io_dip[4]      |io_led[12]     |   11.894|
io_dip[4]      |io_led[13]     |   11.697|
io_dip[4]      |io_led[14]     |   12.214|
io_dip[4]      |io_led[15]     |   13.494|
io_dip[4]      |io_led[16]     |   14.128|
io_dip[5]      |io_led[13]     |   11.895|
io_dip[5]      |io_led[14]     |   12.112|
io_dip[5]      |io_led[15]     |   13.392|
io_dip[5]      |io_led[16]     |   14.026|
io_dip[6]      |io_led[14]     |   11.568|
io_dip[6]      |io_led[15]     |   12.580|
io_dip[6]      |io_led[16]     |   13.663|
io_dip[7]      |io_led[15]     |   12.416|
io_dip[7]      |io_led[16]     |   13.286|
io_dip[8]      |io_led[8]      |   11.294|
io_dip[8]      |io_led[9]      |   11.449|
io_dip[8]      |io_led[10]     |   12.683|
io_dip[8]      |io_led[11]     |   12.835|
io_dip[8]      |io_led[12]     |   13.451|
io_dip[8]      |io_led[13]     |   13.685|
io_dip[8]      |io_led[14]     |   14.153|
io_dip[8]      |io_led[15]     |   15.433|
io_dip[8]      |io_led[16]     |   16.067|
io_dip[9]      |io_led[9]      |   11.738|
io_dip[9]      |io_led[10]     |   12.972|
io_dip[9]      |io_led[11]     |   13.124|
io_dip[9]      |io_led[12]     |   13.740|
io_dip[9]      |io_led[13]     |   13.974|
io_dip[9]      |io_led[14]     |   14.442|
io_dip[9]      |io_led[15]     |   15.722|
io_dip[9]      |io_led[16]     |   16.356|
io_dip[10]     |io_led[10]     |   11.990|
io_dip[10]     |io_led[11]     |   12.160|
io_dip[10]     |io_led[12]     |   12.531|
io_dip[10]     |io_led[13]     |   12.765|
io_dip[10]     |io_led[14]     |   13.233|
io_dip[10]     |io_led[15]     |   14.513|
io_dip[10]     |io_led[16]     |   15.147|
io_dip[11]     |io_led[11]     |   12.061|
io_dip[11]     |io_led[12]     |   12.731|
io_dip[11]     |io_led[13]     |   12.965|
io_dip[11]     |io_led[14]     |   13.433|
io_dip[11]     |io_led[15]     |   14.713|
io_dip[11]     |io_led[16]     |   15.347|
io_dip[12]     |io_led[12]     |   12.082|
io_dip[12]     |io_led[13]     |   12.117|
io_dip[12]     |io_led[14]     |   12.000|
io_dip[12]     |io_led[15]     |   13.280|
io_dip[12]     |io_led[16]     |   13.914|
io_dip[13]     |io_led[13]     |   11.395|
io_dip[13]     |io_led[14]     |   11.335|
io_dip[13]     |io_led[15]     |   12.615|
io_dip[13]     |io_led[16]     |   13.249|
io_dip[14]     |io_led[14]     |   11.513|
io_dip[14]     |io_led[15]     |   12.304|
io_dip[14]     |io_led[16]     |   13.295|
io_dip[15]     |io_led[15]     |   12.188|
io_dip[15]     |io_led[16]     |   12.822|
io_dip[16]     |io_led[9]      |   13.447|
io_dip[16]     |io_led[10]     |   14.681|
io_dip[16]     |io_led[11]     |   14.833|
io_dip[16]     |io_led[12]     |   15.449|
io_dip[16]     |io_led[13]     |   15.683|
io_dip[16]     |io_led[14]     |   16.151|
io_dip[16]     |io_led[15]     |   17.431|
io_dip[16]     |io_led[16]     |   18.065|
io_dip[17]     |io_led[16]     |   12.389|
io_dip[18]     |io_led[16]     |   12.815|
---------------+---------------+---------+


Analysis completed Wed Oct 19 01:13:15 2016 
--------------------------------------------------------------------------------

Trace Settings:
-------------------------
Trace Settings 

Peak Memory Usage: 220 MB



